// Jest Snapshot v1, https://goo.gl/fbAQLP

exports[`Modal component renders Matches snapshot 1`] = `[Function]`;
