// Jest Snapshot v1, https://goo.gl/fbAQLP

exports[`Contact form renders Matches snapshot 1`] = `[Function]`;
